[151:136][274971] (RTCLogging.mm:34): (RTCAudioSession.mm:680 -[RTCAudioSession incrementActivationCount]): Incrementing activation count.
[151:136][274971] (RTCLogging.mm:34): (RTCAudioSession.mm:419 -[RTCAudioSession setActive:error:]): Number of current activations: 1
[151:175][259] (RTCLogging.mm:34): (RTCAudioSession.mm:557 -[RTCAudioSession handleRouteChangeNotification:]): Audio route changed:
[151:176][259] (RTCLogging.mm:34): (RTCAudioSession.mm:570 -[RTCAudioSession handleRouteChangeNotification:]): Audio route changed: CategoryChange to :AVAudioSessionCategoryPlayAndRecord
[151:176][259] (RTCLogging.mm:34): (RTCAudioSession.mm:590 -[RTCAudioSession handleRouteChangeNotification:]): Previous route: <AVAudioSessionRouteDescription: 0x154171190, 
inputs = (
); 
outputs = (
    "<AVAudioSessionPortDescription: 0x1541711a0, type = Speaker; name = Loa ngo\U00e0i; UID = Speaker; selectedDataSource = (null)>"
)>
Current route:<AVAudioSessionRouteDescription: 0x1541709b0, 
inputs = (
    "<AVAudioSessionPortDescription: 0x154170370, type = MicrophoneBuiltIn; name = iPhone Micr\U00f4; UID = Built-In Microphone; selectedDataSource = D\U01b0\U1edbi c\U00f9ng>"
); 
outputs = (
    "<AVAudioSessionPortDescription: 0x154171230, type = Receiver; name = Thi\U1ebft b\U1ecb nh\U1eadn; UID = Built-In Receiver; selectedDataSource = (null)>"
)>
[151:204][259] (RTCLogging.mm:34): (RTCAudioSession.mm:557 -[RTCAudioSession handleRouteChangeNotification:]): Audio route changed:
[151:204][259] (RTCLogging.mm:34): (RTCAudioSession.mm:570 -[RTCAudioSession handleRouteChangeNotification:]): Audio route changed: CategoryChange to :AVAudioSessionCategoryPlayAndRecord
[151:205][259] (RTCLogging.mm:34): (RTCAudioSession.mm:590 -[RTCAudioSession handleRouteChangeNotification:]): Previous route: <AVAudioSessionRouteDescription: 0x154171f60, 
inputs = (
    "<AVAudioSessionPortDescription: 0x154171f50, type = MicrophoneBuiltIn; name = iPhone Micr\U00f4; UID = Built-In Microphone; selectedDataSource = D\U01b0\U1edbi c\U00f9ng>"
); 
outputs = (
    "<AVAudioSessionPortDescription: 0x154172000, type = Speaker; name = Loa ngo\U00e0i; UID = Speaker; selectedDataSource = (null)>"
)>
Current route:<AVAudioSessionRouteDescription: 0x1541711e0, 
inputs = (
    "<AVAudioSessionPortDescription: 0x1541711a0, type = MicrophoneBuiltIn; name = iPhone Micr\U00f4; UID = Built-In Microphone; selectedDataSource = D\U01b0\U1edbi c\U00f9ng>"
); 
outputs = (
    "<AVAudioSessionPortDescription: 0x1541701e0, type = Receiver; name = Thi\U1ebft b\U1ecb nh\U1eadn; UID = Built-In Receiver; selectedDataSource = (null)>"
)>
[151:294][205939] (webrtc_voice_engine.cc:516): WebRtcVoiceEngine::~WebRtcVoiceEngine
